// Jest Snapshot v1, https://goo.gl/fbAQLP

exports[`matches snapshot 1`] = `
<div>
  <div
    class="Card"
  >
    <h4
      class="Card-title"
    >
      test-caption
    </h4>
    <img
      alt="test-caption"
      class="Card-image"
      src="test-src"
    />
    <small
      class="Card-small"
    >
      Image 
      test-currNum
       of 
      test-totalNum
      .
    </small>
  </div>
</div>
`;
